../Core/Src/gyro.c:10:6:bno055_reset	16	static
../Core/Src/gyro.c:15:6:bno055_init	32	static
../Core/Src/gyro.c:65:6:bno055_deinit	16	static
../Core/Src/gyro.c:71:9:bno055_getOperationMode	24	static
../Core/Src/gyro.c:77:6:bno055_setOperationMode	16	static
../Core/Src/gyro.c:82:7:bno055_getHeading	24	static
../Core/Src/gyro.c:97:9:bno055_getTemp	24	static
../Core/Src/gyro.c:108:9:getCal	24	static
../Core/Src/gyro.c:114:19:bno055_writeData	32	static
../Core/Src/gyro.c:121:19:bno055_readData	40	static
../Core/Src/gyro.c:130:7:IMU_GetYaw	8	static
