../Core/Src/main.c:93:5:main	24	static
../Core/Src/main.c:297:6:SystemClock_Config	88	static
../Core/Src/main.c:345:13:MX_I2C1_Init	8	static
../Core/Src/main.c:379:13:MX_TIM2_Init	48	static
../Core/Src/main.c:428:13:MX_TIM3_Init	48	static
../Core/Src/main.c:477:13:MX_TIM6_Init	16	static
../Core/Src/main.c:515:13:MX_TIM7_Init	16	static
../Core/Src/main.c:553:13:MX_TIM10_Init	8	static
../Core/Src/main.c:584:13:MX_USART2_UART_Init	8	static
../Core/Src/main.c:617:13:MX_GPIO_Init	48	static
../Core/Src/main.c:696:6:Error_Handler	4	static,ignoring_inline_asm
