../Core/Src/movement.c:12:6:delay_us	16	static
../Core/Src/movement.c:18:6:sendTrigger	8	static
../Core/Src/movement.c:24:6:AutoConf	16	static
../Core/Src/movement.c:32:6:AutoInit	16	static
../Core/Src/movement.c:38:7:angular_difference	24	static
../Core/Src/movement.c:46:6:DriveStraight	24	static
../Core/Src/movement.c:57:6:TurnRight90	16	static
../Core/Src/movement.c:72:6:TurnLeft90	16	static
../Core/Src/movement.c:85:6:DriveRectangle	16	static
../Core/Src/movement.c:92:6:imuInit	16	static
